========================================================================
DAILY HEALTH CHECK — 2026-08-27 09:34:43 UTC
========================================================================

[1/5] Checking main branch for unexpected commits...
  ✓ Main branch: 10 recent commits
  ⚠️  ALERT: Unexpected commits detected on main:
1e3561c docs: v2.0.0 Commercial Release Notes and Sprint 9 Roadmap
717c770 feat(sprint8): Store Audit Compliance (PES), Days of Cover (DOC) Alert Engine, and Supply Chain OTIF Sync (v2.0.0)
e81fa55 feat: Sprint 6 - Interactive Analytics, Tier Configurator & Executive Brief (v1.8.0)
f7416bf feat(dashboard): Sprint 5 Track 3 — Promo elasticity correlation engine & Offtake Impact tab
a85bdee feat(ci): Ingestion schema validation for monthly promo drops

[2/5] Checking working tree status...
  ⚠️  WARNING: Uncommitted changes detected:
?? .standby-logs/
?? .standby-procedures/
?? daily_health_check.sh

[3/5] Running syntax checks...
  ✓ Python scripts: syntax OK
  ℹ️  Test results: not yet available (manual CI run required)

[4/5] Checking governance gates...
  ⚠️  CM2 Status: APPROVED (TEST flag — awaiting production approval)
     Approver: "[TEST] Mock Finance Approver"

[5/5] Verifying key assets...
  ✓ Modern_Trade_Dashboard.pbix
  ✓ build_pbix_automated.py
  ✓ IMPLEMENTATION_CHECKLIST.md
  ✓ 07_OPERATIONAL_METRICS.md
  ✓ T24H_FINANCE_ESCALATION.md
  ✓ MOCK_PBIX_REVIEW_GUIDE.md
  ✓ All key assets present

========================================================================
STANDBY MODE STATUS: HEALTHY ✅
========================================================================

Next Actions:
  1. If CM2 Status = APPROVED (production): Execute Release Runbook
  2. If CM2 Status = DRAFT: Wait for Finance approval (T+48h deadline)
  3. Sales & Ops: Review mock PBIX (.escalation-package/MOCK_PBIX_REVIEW_GUIDE.md)
  4. Daily check: Run this script at 9:00 AM IST

Logs: /home/user/mt-dashboard/.standby-logs/health_check.log
========================================================================
